{
	"DataType": "TEXT",
	"Value": "{\"name\":\"John\"}"
}