{
	"DataType": "IMAGE",
	"Value": "1 0,0,0,65535|15 0,0,0,0\n16 0,0,0,0\n16 0,0,0,0\n16 0,0,0,0\n16 0,0,0,0\n16 0,0,0,0\n16 0,0,0,0\n16 0,0,0,0\n16 0,0,0,0\n16 0,0,0,0\n16 0,0,0,0\n16 0,0,0,0\n16 0,0,0,0\n16 0,0,0,0\n16 0,0,0,0\n16 0,0,0,0"
}